[oasistips.com/index.html]
[pagead2.googlesyndication.com/pagead/js/f.txt]
[backblue.gif]
[fade.gif]
[index.html]
[stackpath.bootstrapcdn.com/font-awesome/4.7.0/css/font-awesome.min.css]
[code.jquery.com/jquery-1.11.0.min.js]
[oasistips.com/static/img/bet4.png]
[oasistips.com/login.html]
[oasistips.com/register.html]
[oasistips.com/static/img/ad.jpg]
[oasistips.com/terms.html]
[oasistips.com/privacy.html]
[oasistips.com/responsible_gaming.html]
[oasistips.com/about_us.html]
[oasistips.com/index.html]
[oasistips.com/static/img/banner1.jpg]
[oasistips.com/static/fonts/fontello.2854c6.delayed]
[oasistips.com/static/fonts/fontello.2954c6.delayed]
[oasistips.com/static/fonts/fontello.2a54c6.delayed]
[oasistips.com/static/fonts/fontello.2b54c6.delayed]
[oasistips.com/static/fonts/fontello.2c54c6.delayed]
[oasistips.com/static/css/style.css]
[stackpath.bootstrapcdn.com/font-awesome/4.7.0/css/font-awesome.min.css]
[oasistips.com/login.html]
[oasistips.com/register.html]
[oasistips.com/terms.html]
[oasistips.com/privacy.html]
[oasistips.com/responsible_gaming.html]
[oasistips.com/about_us.html]
[oasistips.com/static/js/scripts.js]
[oasistips.com/static/fonts/fontello54c6.html]
[oasistips.com/static/fonts/fontello54c6-2.html]
[oasistips.com/static/fonts/fontello54c6-3.html]
[oasistips.com/static/fonts/fontello54c6-4.html]
[oasistips.com/static/fonts/fontello54c6-5.html]
[oasistips.com/forgot/password.html]
[oasistips.com/forgot/password.html]
